_
!@#$%
!@#$%^
!@#$%^&
!@#$%^&*
!@#$%^&*
!@#$%^&
!@#$%^
!@#$%
@#$%^&
@#$%^&
*

0000
00000
000000
000000
00000000
00000000
0007
0007
007
007
007007
007007
010203
012345
0123456
0123456789
0246
0249
0852
098765
0987654321
1
1
101010
102030
1022
1022
10sne1
10sne1
1111
11111
111111
111111
11111111
112233
11235813
1212
121212
121212
1213
1214
1225
1225
123
123
123123
123123
123123123
123321
1234
1234
12345
12345
123456
123456
1234567
1234567
12345678
12345678
123456789
1234567890
12345678910
123456a
1234qwer
1234qwer
123654
123789
123abc
123abc
123go
123go
123qwe
1313
1313
131313
131313
1316
1332
13579
13579
1412
141414
1430
14430
147258
147258369
147852
147852369
151515
159357
159753
1701d
1701d
171717
1818
181818
1911
1928
1928
1948
1950
1951
1952
1953
1955
1956
1960
1964
1969
1973
1975
1977
1978
1991
1996
1998
1a2b3c
1a2b3c
1chris
1kitty
1p2o3i
1q2w3e
1q2w3e
1q2w3e4r
1qaz2wsx
1qw23e
1qw23e
1sanjose
2000
2001
2020
202020
2112
2112
21122112
21122112
212121
22
2200
2222
2222
222222
2252
232323
242424
246810
252525
2580
2kids
2welcome
3010
3112
3141
333
333333
3533
369
369
3bears
4055
4444
4444
444444
456123
456789
4788
4854
4runner
4runner
5050
50cent
5201314
5252
5252
54321
54321
5555
5555
55555
555555
5683
5683
57chevy
6262
6301
654321
654321
666666
666666
6969
6969
696969
696969
741852
741852963
777
777
7777
7777
777777
7777777
789456
789456123
7dwarfs
80486
8675309
8675309
87654321
888888
888888
88888888
90210
90210
911
911
92072
987654
987654321
999999
99999999
99999999
999999999
a
a
a12345
a12345
a123456
a1b2c3
a1b2c3
a1b2c3d4
a1b2c3d4
aa
aaa
aaa
aaaa
aaaaaa
aaaaaa
Aaaaaa
aaliyah
aardvark
aaron
aaron
abacab
abbott
abby
abby
abc
abc
abc123
abc123
ABC123
ABC123
abcd
abcd
abcd123
abcd1234
abcd1234
abcde
abcde
abcdef
abcdef
Abcdef
Abcdef
abcdefg
abcdefg
Abcdefg
abigail
abigail
absolut
absolut
access
access
accord
account
ace
acropolis
action
action
Action
active
active
acura
acura
adam
adam
adg
adi
adidas
adidas
Adidas
admin
admin1
adrian
adrian
adriana
adrock
advil
aeh
aerobics
africa
agent
Aggies
Aikman
airborne
Airhead
airwolf
aki123
alaska
alaska
Alaska
albert
albert
Albert
alberto
alejandra
alejandro
alex
alex
alex1
alex1
alexande
alexander
alexandr
alexandr
alexandra
alexis
alexis
Alexis
alfaro
alfred
alfred
alfredo
ali
alice
alice
alice1
alicia
Alicia
alien
aliens
aliens
alina
aline
alison
alison
allegro
allen
allen
allison
allison
allo
allo
allstate
aloha
alpha
alpha
Alpha
alpha1
alpha1
alpine
alpine
altamira
althea
altima
altima1
alyssa
Alyssa
amanda
amanda
Amanda
amanda1
amanda1
amazing
amber
amber
amelia
amelie
amelie
america
America
america7
Amiga
amigas
amigos
amistad
amorcito
amores
amour
amour
amy
amy
anaconda
anamaria
anders
anderson
anderson
andre
andre
andre1
andrea
andrea
Andrea
andrea1
andreea
andrei
andres
andrew
andrew!
andrew
Andrew
Andrew
andrew1
andromeda
andy
andy
angel
angel
angel1
angela
angela
Angela
Angela1
angeles
angelica
angelina
angelito
angelo
angels
angels
angie
angie
angie1
angus
angus
animal
animal
Animal
Animals
Animals
anita
ann
anna
anna
anne
anne
anneli
annette
annie
annie
antares
anthony
anthony
Anthony
Anthony
anthony1
antonio
anything
apache
apache
apollo
apollo
apollo13
apollo13
apple
apple
apple1
apple1
apple2
applepie
apples
apples
Apples
april
april
aptiva
aqua
aquarius
aragorn
archie
archie
Archie
Arctic
ariana
ariane
ariane
ariel
ariel
Ariel
arizona
arizona
arlene
armando
arnold
arrow
arsenal
artemis
arthur
arthur
Arthur
artist
artist
arturo
asdf
asdf
asdf1234
asdfasdf
asdfg
asdfg
asdfgh
asdfgh
Asdfgh
Asdfgh
asdfghjk
asdfghjk
asdfghjkl
asdfjkl
asdfjkl;
asdfjkl;
asdfjkl
asdf;lkj
ashlee
ashley
ashley
Ashley
ashley1
ashraf
ashton
aspen
aspen
ass
ass
asshole
asshole
Asshole
assmunch
asterix
asterix
ath
athena
athena
attila
attila
august
august
August
austin
austin
Austin
Author
autumn
avalon
avalon
avatar
Avatar
avenger
avenir
awesome
awesome
Awesome
ayelet
aylmer
aylmer
babes
Babies
baby
baby
babyblue
babyboo
babyboy
babydoll
babyface
babygirl
babygirl1
babygurl
babyko
babylon5
babylon5
babylove
bach
bach
backup
badboy
Badboy
badger
badger
badgirl
bailey
bailey
Bailey
Bailey
baller
Balls
bambam
bambi
bamboo
bamboo
banana
banana
Banana
bananas
Bananas
banane
bandit
bandit
Bandit
baraka
barbara
barbara
Barbara
barbie
Barbie
barcelona
barn
barney
barney
Barney
barney1
barnyard
barrett
barry
barry
bart
bartman
Basebal
baseball
baseball
basf
basf
basil
basil
basket
basket
baskeT
Basket
Basketb
basketba
Basketba
basketball
bass
Bastard
Bastard
batista
batman
batman
Batman
batman1
bball
beaches
beagle
beagle
beaner
beaner
Beaner
beanie
beanie
beans
bear
bear
bears
bears
beast
beasty
beatles
beatles
Beatles
beatrice
beatriz
beautifu
beautiful
beauty
beaver
beaver
Beaver
beavis
beavis
Beavis
Beavis
beavis1
bebe
bebita
becca
beckham
beer
beer
belgium
belize
bella
belle
belle
belmont
ben
benfica
benjamin
benjamin
benji
benny
benny
benoit
benoit
benson
benson
beowulf
bernard
bernard
bernardo
bernie
bernie
berry
bertha
bertha
beryl
best
bestfriend
bestfriends
beta
betacam
betsy
betty
betty
bettyboop
beyonce
bfi
bharat
bhebhe
bianca
bichon
bigal
bigben
bigbird
bigbird
BigBird
bigboss
bigdog
bigdog
Bigdog
Bigfoot
biggles
bigmac
bigmac
bigman
bigman
bigred
bigred
biker
bilbo
bilbo
bill
bill
billabong
bills
billy
billy
billy1
bimmer
bingo
bingo
binky
binky
biochem
biology
biology
Biology
bird
bird
bird33
bird33
birdie
birdie
birdy
birthday
biscuit
bishop
Bismillah
bitch
bitch
bitch1
biteme
biteme
Biteme
bitter
biz
blabla
black
black
Blackie
blackjack
blah
blahblah
blanche
Blaster
blazer
blazer
Blazer
blessed
blessing
blinds
blink182
bliss
blitz
blizzard
blizzard
blonde
blonde
blondie
blondie
Blondie
blood
blowfish
blowfish
blowjob
blowme
Blowme
blue
blue
bluebird
bluebird
blueeyes
bluefish
bluejean
blues
bluesky
bluesky
bmw
bmw
boat
bob
bob
bobby
bobby
bobcat
bobcat
bogart
bogey
bogus
bombay
bond007
bond007
Bond007
Bond007
Boner
bonita
bonjour
bonjour
bonnie
bonnie
Bonnie
Bonzo
boobie
booboo
booboo
Booboo
Booboo
booger
booger
Booger
boogie
boogie
Bookit
boomer
boomer
Boomer
booster
booster
boots
boots
bootsie
bootsie
boris
boris
bosco
boss
boss
boston
boston
Boston
Boston
boulder
bourbon
Bowling
bowwow
boxer
boxers
bozo
bozo
bradley
bradley
Bradley
brain
branch
brandi
Brandi
brandon
brandon
Brandon
brandon1
brandy
brandy
Brandy
Brasil
braves
braves
Braves
brazil
Brazil
brenda
brenda
Brenda
brent
brewster
brewster
brian
brian
brianna
bridge
bridge
bridges
bridges
bright
bright
britain
britney
brittany
Broadway
broken
broker
bronco
Broncos
bronte
brooke
brooke
brooklyn
brother
Browns
bruce
bruce
bruno
brutus
brutus
bryan
bubba
bubba
Bubba
bubba1
bubba1
bubble
bubblegum
bubbles
bubbles
Bubbles
bubbles1
buck
buck
bucks
buddha
Buddha
buddy
buddy
buddy1
budgie
buffalo
buffalo
Buffalo
buffett
buffy
buffy
bugs
bugsy
bull
bull
bulldog
bulldog
bullet
bullet
bulls
bullshit
bullshit
bunny
bunny
burns
burton
business
business
buster
buster
Buster
butch
butch
butler
butler
butter
buttercup
butterfly
butterfly1
butthead
butthead
Butthead
button
button
Button
buttons
buttons
Buttons
buzz
buzz
byron
byteme
byteme
c00per
cactus
cactus
caesar
caesar
caitlin
caitlin
calendar
calgary
californ
california
calvin
calvin
Calvin
calvin1
camaro
camaro
Camaro
camay
camel
camera
camera
cameron
camila
camille
campbell
campbell
camping
camping
canada
canada
Canada
canced
cancer
Cancer
candy
candy
canela
canela
cannon
cannon
cannonda
cannondale
canon
canon
cantik
capricorn
captain
captain
car
carbon
cardinal
cardinal
Cardinal
carebear
carl
carl
carlitos
carlos
carlos
Carlos
carmen
carmen
carnage
carol
carol
Carol
Carol
carol1
carole
carole
carolina
carolina
caroline
caroline
carolyn
carrie
carrie
Carrie
carrot
carter
cascade
cascade
casey
casey
Casio
casper
casper
Casper
cassandra
cassie
cassie
Cassie
castle
castle
cat
cat
catalina
catalog
catalog
catch22
catdog
catfish
catfish
catherine
cathy
catnip
cats
cats
catwoman
cccccc
cccccc
cecile
cecilia
cedic
celeste
celica
celica
celine
celine
celtic
Celtics
Celtics
cement
center
center
Center
cesar
cesar
cessna
cfi
cfj
cgj
chacha
chad
chainsaw
challeng
challenge
chameleon
champion
champion
Champs
Champs
chance
chance
chandler
chanel
chanel
chang
change
changeit
changeme
changeme
Changeme
Changeme
ChangeMe
ChangeMe
chantal
chaos
chaos
chapman
chapman
charger
charity
charity
charles
charles
Charles
charlie
charlie
Charlie
Charlie
charlie1
charlie1
charlott
charlotte
charmed
chat
cheche
cheerleader
cheese
cheese
Cheese
chelsea
chelsea
Chelsea
chelsea1
cherry
cherry
cheryl
cheryl
Cheryl
chess
chester
Chester
chester1
chester1
chevy
chevy
Chevy
Chevy1
cheyenne
chiara
chicago
chicago
Chicago
chichi
chicken
chicken
Chicken
chico
chico
chiefs
Chiefs
china
china
chinacat
chinook
chip
chip
Chipper
chiquita
chiquita
chivas
chloe
chloe
chocolat
chocolat
chocolate
chouette
chris
chris
Chris
Chris
chris1
chris1
chris123
chrisbrown
Chrissy
christ
Christ
christ1
christia
christia
christian
christin
christin
christina
christine
christmas
christop
Christop
christoph
christopher
christy
christy
chronos
chubby
chuck
chuck
Chucky
church
church
cicero
cinder
cinder
cinderella
Cindi
cindy
cindy
cindy1
cinema
circuit
cirque
cirrus
civic
civil
claire
claire
clancy
clancy
clapton
clark
clark
clarkson
class
class
classroo
classroom
claude
claude
claudel
claudia
claudia
Cleaner
cleo
cliff
clipper
clipper
clock
cloclo
cloclo
Clover
clueless
cobain
cobra
cobra
cocacola
cocacola
coco
coco
cody
coffee
coffee
Coffee
coke
coke
colette
colleen
colleen
Colleen
college
college
colombia
color
colorado
colorado
colors
colt45
coltrane
coltrane
columbia
columbia
comet
commander
#!comment:
#!comment: Common passwords, compiled by Solar Designer.
#!comment: For more wordlists, see http://www.openwall.com/wordlists/
#!comment: in 1996 through 2011.  It is assumed to be in the public domain.
#!comment: Last update: 2011/11/20 (3546 entries)
#!comment: occurred in 2006 through 2010.
#!comment: of "top N passwords" from major community website compromises that
#!comment: revised to also include common website passwords from public lists
#!comment: systems in mid-1990's, sorted for decreasing number of occurrences
#!comment: (that is, more common passwords are listed first).  It has been
#!comment: This list has been compiled by Solar Designer of Openwall Project
#!comment: This list is based on passwords most commonly seen on a set of Unix
compaq
compaq
Compaq
compton
compton
Compute
computer
computer
Computer
Computer
concept
concept
concorde
confused
connect
connect
connie
connie
Connie
connor
conrad
conrad
content
control
control
cook
cookie
cookie
Cookie
cookie1
cookies
cookies
cooking
cool
cool
coolbean
Coolman
coolness
cooper
cooper
Cooper
cooter
copper
copper
Copper
cora
corazon
cordelia
corky
cornflake
corona
corona
corrado
corrado
corvette
corwin
corwin
cosmo
cosmos
cosmos
cougar
cougar
Cougar
Cougar
cougars
cougars
country
country
Country
courier
courtney
courtney
cowboy
cowboy
Cowboy
COWBOY
cowboys
cowboys
Cowboys
cows
coyote
coyote
crack1
cracker
cracker
Cracker
craig
craig
crapp
crawford
crawford
crazy
creative
creative
Creative
crescent
cricket
cricket
Cricket
cristian
cristina
cross
crow
crow
crowley
cruise
cruise
crusader
crystal
crystal
cthulhu
cuda
cuddles
cuddles
cuervo
cunningham
cunt
cupcake
current
curtis
curtis
Curtis
Curtis
cuteako
cuteme
cutie
cutie
cutiepie
cutlass
cyber
cyclone
cyclone
cynthia
cynthia
cyrano
cyrano
daddy
daddy
daddy1
daddysgirl
daedalus
dagger
dagger1
daily
daisie
daisy
daisy
dakota
dakota
Dakota
dale
dallas
dallas
Dallas
damian
dammit
dan
dan
dana
dance
dance
dancer
dancer
dancing
daniel
daniel
Daniel
Daniel
daniel1
daniela
danielle
danielle
danny
danny
daphne
dark1
darkangel
Darkman
darkness
darkstar
darling
darren
darren
darryl
darwin
darwin
Darwin
dasha
dasha
database
database
dave
dave
david
david
david1
david1
davids
dawn
dawn
daytek
daytek
dead
dead
deadhead
deadhead
dean
dean
death
Death
debbie
debbie
deborah
december
december
decker
deedee
deedee
deeznuts
Defense
delano
delete
delfin
deliver
deliver
delta
delta
demo
demo
demon
denali
denali
denis
denise
denise
Denise
Denise
dennis
dennis
Dennis
denny
Denver
depeche
depeche
derek
derek
desert
design
design
desiree
deskjet
destiny
detroit
detroit
Detroit
deutsch
deutsch
devil
devine
devon
dexter
dexter
Dexter
dgj
dharma
diablo
diablo
diamond
diamond
diamonds
diana
diana
diane
diane
dianne
dickens
dickhead
dickhead
diego
diesel
digger
Digger
digital
digital
Digital
digital1
dilbert
dilbert
dillweed
dinamo
dipper
direct1
director
director
dirk
dirk
disco
disney
disney
Disney
dixie
dixie
dixon
doc
doc
doctor
doctor
Doctor
dodger
dodger
dodgers
dodgers
dog
dog
dogbert
dogbert
Doggie
doggy
Doggy
doitnow
dollar
dollars
dollars
dolly
dolphin
dolphin
Dolphin
dolphins
dolphins
dominic
dominic
dominique
domino
domino
don
don
donald
donald
donkey
donkey
donna
donna
dontknow
Doobie
doogie
doogie
dookie
dookie
Dookie
doom
doom
doom2
doom2
doors
dork
dorothy
dorothy
Dorothy
doudou
doug
doug
dougie
dougie
douglas
douglas
downtown
draft
dragon
dragon
Dragon
Dragon
DRAGON
dragon1
dragon1
dragonfl
dragonfly
Dream
dreamer
dreamer
dreams
dreams
Dreams
driver
Drizzt
drowssap
Drums
duck
duck
duckie
duckie
dude
dude
dudley
duke
duke
dumbass
dundee
dundee
dustin
Dustin
dusty
dusty
dutch
dutchess
dwight
Dwight
dylan
dylan
e
e
eagle
eagle
eagle1
eagle1
eagles
eagles
Eagles
Eagles
easter
easter
eastern
Eatme
eclipse
eclipse
eddie
eddie
edith
edmund
eduardo
edward
edward
Edward
eeyore
eeyore
effie
eieio
eight
einstein
einstein
elaine
Elaine
electric
electric
element
elephant
elephant
elijah
elina1
elissa
elizabet
elizabeth
Elizabeth
ella
ellen
ellen
elliot
elliot
elsie
elsie
elvis
elvis
Elvis
Elwood
e-mail
e-mail
emerald
emily
emily
eminem
emmanuel
emmitt
Emmitt
empire
energy
energy
engage
england
enigma
enigma
enrique
enter
enter
enterprise
entropy
entropy
eric
eric
eric1
erika
erin
ernie1
escort
escort1
Espanol
estelle
Esther
estrella
estrellita
etoile
etoile
eugene
eugene
europe
europe
evelyn
excalibu
excalibur
excel
Except
explore
explorer
explorer
export
export
express
express
faculty
fairview
faith
faith
falcon
falcon
Falcon
familia
family
family
Family
Family
family1
farmer
farmer
Farmer
Farming
farout
farside
fashion
fatboy
fatima
faust
fearless
february
feedback
felipe
felix
felix
fender
Fender
fenris
ferguson
fernanda
fernando
ferrari
ferrari
ferret
ferret
ferris
fgh
fiction
fiction
fidel
Figaro
finance
fiona
fiona
fire
fire
fireball
fireball
firebird
firebird
Firebird
fireman
fireman
firenze
first
first
fish
fish
fish1
fish1
fisher
fisher
Fisher
Fisher
fishes
fishhead
fishie
fishing
fishing
Fishing
Fishing
flamingo
flamingo
flanders
flash
flash
fletch
fletch
fletcher
fletcher
fleurs
flight
flight
flip
flip
flipper
flipper
Flipper
flores
florida
florida
Florida
florida1
flower
flower
Flower
flowerpot
flowers
flowers
Flowers
floyd
floyd
fluffy
fluffy
Fluffy
flute
fly
flyboy
flyer
Flyers
foobar
foobar
fool
fool
Footbal
football
football
Football
football1
ford
ford
forest
forest
forever
Fortune
forum
forward
foster
fountain
fountain
fox
fox
foxtrot
foxtrot
fozzie
fozzie
france
france
francesco
francine
francis
francis
Francis
francisco
francois
francois
frank
frank
franka
frankie
Frankie
franklin
franklin
freak1
freak1
fred
fred
freddie
freddy
freddy
Freddy
frederic
frederic
free
freebird
freedom
freedom
Freedom
freeman
french
french1
french1
friday
friday
Friday
Friday
friend
friend
Friend
friends
friends
Friends
Friends
friendship
friendster
frisco
fritz
frodo
frodo
frog
frog
frog1
froggie
froggies
froggy
froggy
Froggy
frogs
frogs
front242
front242
Front242
frontier
Frosty
fubar
Fubar
fucker
fucker
Fucker
fuckface
fuckme
fuckme
Fuckme
fuckoff
fuckoff
fucku
fuckyou
fuckyou
Fuckyou
Fuckyou
FuckYou
FuckYou
fuckyou1
fuckyou2
fugazi
fugazi
fun
fun
funguy
funtime
future
future
fuzz
gabby
gabriel
gabriel
gabriela
gabriell
gabriell
gaby
gaby
gaelic
galaxy
galaxy
galileo
galileo
gambit
gambit
Gambit
gambler
games
gammaphi
ganda
gandako
gandalf
gandalf
Gandalf
Gandalf
gangsta
gangster
garcia
garden
garden
Garden
garfield
garfield
Garfield
garfunkel
gargoyle
garlic
garlic
garnet
garnet
Garrett
garth
gary
gary
gasman
gasman
gaston
gateway
gateway
gateway2
gatita
gatito
gator
gator
gator1
gemini
gemini
Gemini
general
general
genesis
genesis
genius
genius
george
george
George
george1
georgia
georgia
gerald
gerald
gerard
german
German
germany
germany1
Geronimo
getout
ggeorge
ghost
ghost
giants
giants
Giants
gibbons
gibson
gibson
gigi
gilbert
gilgamesh
gilles
gilles
ginger
ginger
Ginger
giselle
gizmo
gizmo
Gizmo
Gizmo
glenn
glenn
glider1
glitter
global
global
Global
gloria
gmoney
go
go
Goalie
goat
goat
goaway
goblin
goblue
goblue
gocougs
gocougs
god
godiva
godzilla
godzilla
goethe
gofish
gofish
goforit
goforit
gold
gold
golden
golden
Golden
Golden
goldfish
Goldie
golf
golf
golfer
golfer
Golfer
Golfing
gollum
gone
gone
goober
goober
Goober
Goober
good
good-luck
goodluck
goofy
goofy
google
goose
gopher
gopher
Gopher
gordon
gordon
Gordon
gorgeous
grace
grace
gracie
graham
gramps
grandma
grandma
Grandma
grant
grant
graphic
graphic
grateful
grateful
gravis
gray
gray
graymail
greed
green
green
greenday
greenday
greg
greg
greg1
gregory
gregory
gremlin
greta
gretchen
gretchen
Gretel
gretzky
gretzky
Griffey
grizzly
groovy
groovy
Groovy
grover
grover
Grover
grumpy
grumpy
guess
guess
guest
guest
guido
guido
guinness
guinness
guitar
guitar
Guitar
guitar1
gumby
gundam
gunner
gunner
Gunner
gustavo
Gymnast
h2opolo
h2opolo
hacker
hacker
Hacker
Hacker
haggis
haha
hahaha
hailey
hal
hal9000
hal9000
hallo
halloween
hallowell
hamid
hamilton
hamlet
hammer
hammer
Hammer
Hammer
Hamster
hank
hanna
hanna
hannah
hannah
hannah1
hansolo
hansolo
hanson
hanson
Hanson
happy
happy
happy1
happy1
happy123
happyday
happyday
hardcore
harley
harley
Harley
Harley
HARLEY
harley1
haro
harold
harold
harriet
harris
harrison
harrison
harry
harry
harrypotter
harvard
harvey
harvey
Harvey
Hatton
hawaii
Hawaii
hawk
hawk
hawkeye
Hawkeye
hawkeye1
hayden
hazel
hazel
health
health
health1
heart
heart
hearts
Hearts
heather
heather
Heather
Heather
heather1
heather2
heaven
hector
hector
hedgehog
heidi
heidi
Heidi
heikki
helen
helen
helena
helene
hell
hell
hello
hello
Hello
Hello
hello1
hello1
hello123
hello8
hellohello
hellokitty
help
help
help123
helper
helpme
helpme
Helpme
hendrix
hendrix
Hendrix
Hendrix
henry
henry
Henry
herbert
herbert
herman
herman
Herman
hermes
hermes
hermosa
hernandez
Hershey
Hershey
herzog
heythere
highland
hilbert
hilda
hillary
hiphop
histoire
history
history
History
hithere
hitler
hobbes
hobbit
Hobbit
hockey
hockey
Hockey
Hockey1
hola
hola
holiday
holly
holly
hollywood
home
home
homebrew
homebrew
homer
homer
Homer
Homer
homerj
honda
honda
honda1
honda1
Honda1
honey
honey
honeyko
hongkong
hoops
hoops
hoosier
hootie
hootie
hope
horizon
horizon
hornet
hornet
Hornets
horse
horse
horses
horses
hosehead
hotdog
hotdog
Hotdog
hotmail
hotrod
Hotrod
hotstuff
hottie
hottie1
house
house
houston
houston
howard
howard
Howard
huang
hudson
huey
hugh
hugo
hummer
hunter
hunter
Hunter
Hunting
Huskers
huskies
hydrogen
i
ib6ub9
ib6ub9
ibanez
icecream
icecream
iceman
iceman
Iceman
idiot
idiot
idontknow
if6was9
iforget
iguana
iguana
Iguana
ihateyou
ilmari
ilovegod
ilovehim
ilovejesus
iloveme
iloveu
iloveu2
iloveyou
iloveyou!
iloveyou
iloveyou1
iloveyou2
image
image
imagine
imagine
imissyou
impact
impala
impala
indian
indian
indiana
indiana
indigo
indigo
indonesia
info
info
informix
informix
ingvar
inlove
insane
insane
inside
inside
insight
instructor
integra
integral
Intel
intern
intern
internet
internet
Internet
Internet
intrepid
inuyasha
iomega
ireland
ireland
irene
irene
irina
iris
irish
irish
irmeli
ironman
ironman
Ironman
isaac
isaac
isabel
isabella
isabelle
isabelle
Isabelle
isaiah
isis
island
island
israel
italia
italia
italy
italy
iubire
iverson
izzy
j1l2t3
jack
jack
jackass
jackie
jackie
Jackie
jackie1
jackson
jackson
Jackson
Jackson
jacob
jacob
Jaeger
jaguar
jaguar
Jaguar
jake
jake
jakey
jamaica
jamaica
james
james
james1
james1
jamesbond
jamie
jamjam
jan
jan
jane
jane
Janet
janice
janice
janine
january
January
japan
japan
jared
jared
jasmin
jasmin
jasmine
jasmine
Jasmine
jasmine1
jason
jason
jason1
jason1
jasper
jasper
Jasper
javier
jayden
jayjay
jayson
jazmin
jazz
jazz
jean
jean
jeanette
jeanette
jeanne
jeanne
Jeanne
Jeanne
jedi
jeepster
jeff
jeff
jeffrey
jeffrey
Jeffrey
jeffrey1
jenifer
jenifer
jenni
jenni
jennie
jennifer
jennifer
Jennifer
Jennifer
jenny
jenny
jenny1
jenny1
jensen
jensen
jer
jeremiah
jeremy
jeremy
Jeremy
jerome
jerry
jerry
Jersey
jesse
jesse1
jessica
jessica
Jessica
Jessica
jessica1
jessie
jessie
Jessie
jester
Jester
jesucristo
jesus
jesus
jesus1
jesus1
jesuschrist
jethro
jethrotull
jetta1
jewels
jewels
jim
jim
jimbo
jimbo
Jimbo
jimbob
Jimbob
jimi
jimmy
jkl123
jkm
joanie
joanna
joanna
Joanna
joanne
joe
joe
joel
joel
joelle
joey
joey
johan
johanna1
john
john
john316
john316
johncena
johnny
johnny
Johnny
johnson
johnson
Johnson
Johnson
jojo
jojo
joker
joker
Joker
joker1
jonathan
jonathan
jordan
jordan
Jordan
Jordan
jordan1
jordan23
jordan23
jordie
jorge
josee
joseph
joseph
Joseph
josh
josh
joshua
joshua
Joshua
Joshua
joshua1
josie
josie
journey
joy
joyce
JSBach
jubilee
judith
judith
judy
judy
juhani
jules
julia
julia
julia2
julian
julian
juliana
julie
julie
julie1
julie1
julien
juliet
julius
jumanji
jumbo
jump
junebug
Junebug
junior
junior
Junior
juniper
jupiter
jupiter
jussi
justdoit
justice
justice
justice4
justin
justin
Justin
justin1
justin1
justine
justme
kalamazoo
kali
kangaroo
karen
karen
karen1
karin
karina
karine
karla
karma
kat
kate
katerina
katherin
katherine
kathleen
kathleen
Kathryn
kathy
kathy
katie
katie
Katie
katie1
katrina
kayla
Kayla
kcin
keeper
keepout
keith
keith
keith1
keller
kelly
kelly
kelly1
kelly1
kelsey
kelsey
kendall
kennedy
kennedy
kenneth
kenneth
kenny
kerala
kermit
kermit
kerrya
ketchup
kevin
kevin
kevin1
kevin1
khan
khan
kidder
kids
kids
killer
killer
Killer
Killer
KILLER
Killme
kim
kim
kimberly
kimberly
Kinder
king
king
kingdom
kingdom
kingfish
kingfish
kings
kirk
kissa2
kisses
kissme
kitkat
kitten
Kitten
Kitten
kitten12
Kittens
kitty
kitty
kittycat
kiwi
kkkkkk
kleenex
kleenex
knicks
knicks
knight
knight
Knight
Knight
Knights
koala
koala
koko
koko
kombat
Kombat
kramer
kramer
kris
kristen
kristen
Kristen
kristi
kristi
Kristi
kristin
kristin
Kristin
kristina
kristine
Kristy
Krystal
labtec
lacrosse
lacrosse
laddie
laddie
lady
lady
ladybug
ladybug
lakers
lakers
Lakers
Lakota
lalala
lambda
lamer
lamer
lance
larry
larry
larry1
larry1
Larson
laser
laser
Laser
laserjet
lassie1
laura
laura
laurel
lauren
lauren
Lauren
laurie
laurie
law
law
lawrence
lawson
lawyer
leader
leaf
leanne
leblanc
ledzep
ledzep
lee
lee
legal
legend
legend
legolas
leland
lemon
Lennon
leo
leon
leon
leonard
leonard
leonardo
leslie
leslie
Leslie
lestat
lestat
Lestat
lester
letmein
letmein
Letmein
letter
Letter
letters
lexus1
liberty
Liberty
libra
library
library
Library
life
light
light
Light
lights
liliana
lilmama
lima
lincoln
lincoln
linda
linda
lindsay
lindsay
Lindsay
Lindsay
lindsey
lindsey
Lindsey
linkinpark
lionel
lionking
lionking
lions
lipgloss
lisa
lisa
lissabon
little
Little
liverpoo
liverpool
liz
lizard
lizard
Lizard
Lizard
lizzie
lizzy
ljf
lloyd
lloyd
logan
logan
logger
logical
logical
logos
loislane
loki
lokita
lola
lolipop
lolita
lollipop
lollypop
london
london
lonely
lonestar
longer
longhorn
looking
looney
looney
Looney
loren
lorena
lori
lorna
lorraine
lorraine
lorrie
loser
loser
Loser
lost
lotus
lou
louis
louis
louise
louise
Louise
love
love
love12
love123
lovebug
lovelove
lovely
lovely
lovely1
loveme
loveme
Loveme
loveme1
lover
Lover
lover1
loverboy
lovers
loves
loveu
loveya
loveyou
loveyou
loving
lucas
lucas
lucia
lucifer
lucky
lucky
lucky1
lucky1
lucky14
lucky7
lucy
lucy
lulu
lulu
lupita
lynn
lynn
m
m1911a1
mac
mac
macha
macha
macintos
macintosh
macross
madalina
maddie
Maddock
maddog
maddog
Maddog
Madeline
madison
madison
madmax
madoka
madonna
maganda
maggie
maggie
Maggie
magic
magic
magic1
magnum
magnum
mahal
mahalkita
mahalko
maiden
mail
mailer
mailer
mailman
mailman
maine
major
major
majordom
majordomo
makeitso
malcolm
malcolm
maldita
malibu
Malibu
mallard
mamita
management
manchester
manson
mantra
mantra
manuel
manutd
marathon
marc
marc
marcel
marcel
marcos
marcus
marcus
margaret
margaret
Margaret
margarita
maria
maria
maria1
mariah
mariah
mariah1
marian
mariana
marie
marie
marie1
marielle
marilyn
marilyn
marina
marina
marine
marine
mariner
marino
Marino
mario
mario
mariposa
mariposa
marisol
marissa
mark
mark
mark1
market
market
marlboro
marlboro
marley
marley
Marley
marlon
mars
mars
Marshal
marshall
mart
martha
Martha
martin
martin
Martin
martin1
martin1
martinez
marty
marty
marvin
marvin
Marvin
mary
mary
maryjane
maryjane
master
master
Master
Master
master1
master1
Masters
math
math
matrix
matrix
matt
matt
matthew
matthew
Matthew
Matthew
matthew1
matti1
mattingly
maurice
maurice
mauricio
Maveric
maverick
maverick
max
max
maxime
maxime
maxine
maxmax
maxwell
maxwell
Maxwell
Maxwell
mayday
mayday
mazda1
mazda1
me
me
meatloaf
mech
mechanic
media
medical
medical
megan
megan
meggie
meister
melanie
melanie
melina
melissa
melissa
Melissa
Mellon
melody
melvin
mememe
memory
memory
memphis
memphis
mensuck
meow
meow
mercedes
mercedes
mercer
mercury
mercury
merde
merlin
merlin
Merlin
merlot
Merlot
mermaid
merrill
metal
metal
metallic
metallic
Metallic
metallica
mexico
mexico
mhine
miami
miamor
michael
michael.
michael
Michael
Michael
michael1
michal
micheal
michel
michel
Michel
Michel1
michele
michele
Michell
michelle
michelle
Michelle
Michelle
michelle1
michigan
michou
mickel
mickey
mickey
Mickey
mickey1
micro
micro
microsoft
midnight
midnight
midori
midori
midvale
midway
mierda
miguel
mikael
mikael
mike
mike
mike1
mike1
mikey
mikey
Mikey
miki
miki
milagros
milano
miles
miles
millenium
miller
miller
Miller
millie
millie
million
million
mimi
mimi
mindy
mindy
mine
mine
minnie
minnie
Minnie
minou
minou
miracle
mirage
mirage
miranda
miranda
miriam
mirror
mirror
misha
misha
mishka
mishka
mission
mission
missy
missy
misty
misty
mitch
mitch
mitchell
mitchell
Mittens
mmm
mmmmmm
mmouse
mobile
mobydick
modem
modem
mojo
molly
molly
molly1
molly1
molson
molson
mom
mom
mommy
mommy1
monday
monday
Monday
Monday
monet
monet
money
money
Money
money1
money1
monica
monica
monique
monique
monkey
monkey
Monkey
monkey1
monkey12
monkeys
monopoly
monopoly
monroe
monster
Monster
Monster
montana
montana
Montana
montana3
montreal
montreal
Montreal
montrose
monty
moocow
moocow
mookie
mookie
moomoo
moomoo
moon
moon
moonbeam
moore
moose
moose
mopar
morecats
morgan
morgan
moroni
moroni
morpheus
morris
morris
Morris
mortimer
mortimer
mother
mother
Mother
motor
motorola
mountain
mountain
mouse
mouse
mouse1
mouse1
movies
mowgli
mozart
mozart
muffin
muffin
Muffin
mulder
mulder1
munchkin
murphy
murphy
Murphy
murray
muscle
music
music
musica
mustang
mustang
Mustang
mustang1
mybaby
mylife
mylove
myself
myspace
myspace1
nadia
nadine
nancy
nancy
naomi
naomi
napoleon
napoleon
naruto
nascar
nascar
Nascar
nat
nat
natalia
natalie
natasha
natasha
Natasha
nathan
nathan
Nathan
nation
national
nautica
nautica
ncc1701
ncc1701
NCC1701
NCC1701
ncc1701d
ncc1701d
ncc1701e
ncc1701e
ne1410s
ne1469
ne1469
ne14a69
nebraska
nebraska
neil
neko
nellie
nellie
nelson
nelson
Nelson
nemesis
nemesis
nenita
nermal
nesbit
nesbitt
nesbitt
nestle
netware
netware
network
network
neutrino
new
new
newaccount
newcourt
newcourt
newlife
newpass
newpass
news
news
newton
newton
Newton
Newton
newuser
newuser
newyork
newyork
newyork1
nexus6
nguyen
nguyen
nicarao
nicarao
nicholas
nicholas
Nicholas
nichole
nick
nick
nicklaus
nicolas
nicole
nicole
Nicole
nicole1
nigel
nightshade
nightwing
nike
niki
niki
nikita
nikita
nikki
nimrod
nimrod
nina
niners
niners
nintendo
nirvana
nirvana
Nirvana
nirvana1
nirvana1
nissan
nissan
Nissan
nisse
nite
nite
nokia
nomore
none
none
none1
nopass
Noriko
normal
norman
norman
norton
notebook
nothing
nothing
notta1
notused
notused
nouveau
novell
november
noway
nss
nugget
nugget
number1
Number1
number9
number9
numbers
nurse
nurse
nursing
nutmeg
oatmeal
oatmeal
oaxaca
obiwan
obiwan
obsession
ocean
october
october
October
October
ohshit
oicu812
olive
olive
oliver
oliver
Oliver
olivia
olivia
olivier
olivier
ollie
olsen
omarion
omega
one
one
onelove
online
online
Online
open
open
openup
opera
opus
opus
orange
orange
Orange
oranges
oranges
orchid
orchid
oregon
oreo
orion
orion
orlando
Orlando
orville
oscar
oscar
otter
ou812
ou812
OU812
OU812
overkill
oxford
oxford
ozzy
paagal
pacers
pacers
Pacers
pacific
pacific
packard
packard
Packard
packer
packer
Packer
packers
packers
Packers
packrat
paint
painter
painter
Paladin
Paladin
paloma
pam
pamela
pamela
Pamela
Pamela
pancake
panda
panda
pandora
pandora
panget
pangit
panic
pantera
pantera
Pantera
panther
panther
Panther
panthers
paola
papa
papa
paradigm
paris
paris
park
parker
parker
Parker
parola
parrot
parrot
partner
pasaway
pascal
pascal
pass
pass
passion
passion
passw0rd
passwd
passwd
Passwor
password
password
Password
Password
PASSWORD
password1
password2
pat
pat
patches
patches
Patches
patricia
patricia
patrick
patrick
Patrick
patriots
patton
paul
paul
paula
paula
pauline
pavel
payton
peace
peace
peach
peaches
peaches
Peaches
Peaches
peanut
peanut
Peanut
peanuts
Peanuts
pearl
pearl
pearljam
pearljam
pebbles
Pebbles
pedro
pedro
pedro1
peewee
peewee
Peewee
peggy
peggy
pencil
penelope
penelope
penguin
penguin
Penguin
penny
penny
pentium
pentium
Pentium
Pentium
people
People
pepper
pepper
Pepper
Pepper
pepsi
pepsi
percy
percy
perfect
performa
perry
perry
person
pete
pete
peter
peter
Peter
Peter
peter1
peterk
peterpan
petey
petey
petunia
petunia
Petunia
phantom
phantom
phialpha
phil
phil
philip
philip
philips
Phillip
phillips
phish
phish
phishy
phoenix
phoenix
Phoenix
phoenix1
phoenix1
phone
photo
photo
piano
piano
piano1
pianoman
pianos
picard
Picard
picasso
picasso
pickle
pickle
Pickle
picture
picture
pictures
pierce
pierce
pierre
pierre
pigeon
piglet
piglet
Piglet
Piglet
pimpin
pineapple
pink
pinkfloy
pinkfloyd
pinky
pioneer
pipeline
piper1
pirate
pirate
pisces
pisces
pizza
pizza
planet
planet
plato
plato
play
play
playboy
playboy
player
player
players
players
playgirl
please
please
Please
plus
pluto
pluto
pmc
poetic
poetry
pogiako
poiuyt
poiuyt
pokemon
polar
polaris
Polaris
pole
police
police
politics
politics
pollito
polo
polo
pomme
pomme
pontiac
poohbear
poohbear
pookey
pookie
pookie
Pookie
Pookie
pookie1
pookie1
poop
poopoo
popcorn
popcorn
Popcorn
pope
popeye
popeye
Popeye
poppy
porsche
porsche
Porsche
porsche9
porsche911
porter
porter
portland
portland
portugal
potter
power
power
ppp
ppp
PPP
praise
praise
prayer
preciosa
precious
predator
prelude
premier
preston
preston
pretty
primus
prince
prince
Prince
princesa
princesita
princess
princess
Princess
princess1
print
printing
prof
prof
promethe
prometheus
property
property
protel
provider
psalms
psalms
psycho
psycho
Psycho
public
public
Puckett
puddin
pulsar
pumpkin
pumpkin
Pumpkin
punkin
punkin
puppies
Puppies
puppy
puppy
puppy123
purple
purple
Purple
Purple
purple1
pussy
pussy1
pussycat
pyramid
pyramid
Pyramid
pyro
python
python
q1w2e3
q1w2e3
q1w2e3r4
qazwsx
qqq111
quality
quality
quebec
quebec
queen
queenie
quentin
quest
quest
qwaszx
qwaszx
qwer
qwert
qwert
Qwert
Qwert
qwerty
qwerty
Qwerty
Qwerty
qwerty1
qwerty12
qwerty12
qwertyui
qwertyuiop
rabbit
rabbit
Rabbit
Rabbit
rabbit1
racer
racerx
racerx
rachel
rachel
Rachel
rachelle
Racing
racoon
racoon
radar
radio
radio
rafael
rafiki
Raider
raiders
raiders
Raiders
Raiders
rain
rain
rainbow
rainbow
Rainbow
Raistlin
Raistlin
raleigh
ralph
ram
rambo
rambo1
rambo1
rancid
random
random
Random
randy
randy
randy1
ranger
ranger
Ranger
rangers
raptor
raptor
raquel
raquel
rascal
rascal
Rasta
rasta1
rastafarian
ratio
raven
raven
ravens
raymond
raymond
Raymond
Reader
Reading
reality
reality
Reality
rebecca
rebecca
Rebecca
Rebecca
rebelde
Rebels
red
red
red123
redcloud
reddog
reddog
Reddog
RedDog
redfish
redman
redrum
redrum
Redskin
redskins
redsox
redwing
redwing
redwood
Reebok
reed
Reefer
reggae
reggie
Reggie
regina
reliant
remember
remember
remote
rene
renee
renee
Renee
renegade
reptile
republic
republic
rescue
research
research
Retard
revolution
rex
reynolds
reynolds
reznor
reznor
rhino
rhonda
rhonda
Rhonda
ricardo
ricardo1
richard
richard
Richard
richard1
richards
richmond
ricky
ricky
riley
ripper
Ripper
ripple
rita
river
river
roadrunner
rob
robbie
robbie
Robbie
robby
robert
robert
Robert
Robert
robert1
robert1
roberto
roberts
robin
robin
robinhoo
robinhood
robocop
robotech
robotech
robotics
roche
rock
rock
rocket
rocket
rocket1
rockie
rocknroll
rockon
rocky
rocky
rocky1
rodeo
Rodman
rodrigo
roger
roger
roger1
rogers
roland
rolex
roman
roman
rommel
ronald
ronald
Ronald
ronaldo
roni
ronnie
rookie
Rooster
rootbeer
Roping
rose
rose
rosebud
rosebud
Rosebud
roses
roses
rosie
rosie
Rosie
rosita
rossignol
rotimi
rouge
route66
roxana
roxy
roxy
roy
roy
royal
royal
Royals
ruby
ruby
rufus
rufus
rugby
rugby
rugger
runner
runner
Runner
running
running
rush
Russel
russell
russell
Russell
Russell
rusty
rusty
ruth
ruth
ruthie
ruthless
rux
ruy
ryan
ryan
sabbath
sabina
sabrina
sabrina
sadie
sadie
safety
safety
safety1
saigon
sailing
sailing
sailor
sailor
saint
sakura
salasana
sales
sales
sally
sally
salmon
salmon
salut
salut
sam
sam
samantha
samantha
samiam
sammie
Sammie
sammy
sammy
Sammy
sample123
Sampler
sampson
sampson
samsam
samson
samson
Samson
samsung
samuel
samuel
Sanders
sandi
sandra
sandra
sandy
sandy
Sango
sanjose
sanjose1
santa
santa
santiago
santos
saphire
sapphire
sapphire
sarah
sarah
sarah1
sarah1
Sarah1
sasha
sasha
saskia
saskia
sassy
sassy
sasuke
satori
saturday
saturn
saturn
Saturn
saturn5
savage
savage
savannah
saved
sayang
sbdc
scarecrow
scarface
scarlet
scarlet
scarlett
scarlett
Scarlett
schnapps
school
school
School
science
science
Science
scooby
scooby
Scooby
scoobydoo
scooter
scooter
Scooter
scooter1
scooter1
scorpio
scorpio
scorpion
scorpion
scotch
scotch
scotland
scott
scott
scott1
scottie
scotty
scotty
Scotty
scout
scout
scouts
scrooge
scruffy
scruffy
scuba
scuba1
scuba1
sean
sean
search
seattle
seattle
sebastian
secret
secret
Secret
secret3
security
security
seeker
Sendit
Senior
seoul
septembe
september
serena
sergei
sergei
sergey
sergio
server
service
service
Service
Service
services
seven
seven
seven7
seven7
sex
sexy
sexy
sexybitch
sexygirl
sexymama
sexyme
shadow
shadow
Shadow
Shadow
shadow1
shadow1
Shadows
shaggy
shakira
shalom
shalom
shanghai
shannon
shannon
Shannon
shanny
shanti
shanti
shaolin
shark
shark
sharon
sharon
Sharon
shasta
shawn
shawn
shayne
shazam
sheba
sheba
sheena
sheena
sheila
sheila
shelby
shelby
shelley
shelley
shelly
shelly
Shelly
shelter
sherry
sherry
ship
shirley
shirley
Shirley
shit
shit
shithead
shithead
Shithead
shoes
shoes
shogun
Shooter
shopping
shorty
shorty
Shorty
shotgun
shotgun
Shotgun
Sidekick
sidney
Sidney
sierra
sierra
Sierra
Sierra
sigmachi
signal
signature
silver
silver
Silver
silvia
simba
simba
simba1
simon
simon
simone
simple
simple
Simple
simpsons
simsim
sinatra
singer
singer
single
sirius
sister
skate
skater
Skater
skeeter
skeeter
Skeeter
Skeeter
skibum
skidoo
skidoo
Skidoo
skiing
skiing
Skiing
Skinny
skip
skipper
skipper
skipper1
skippy
skippy
Skippy
skittles
skull
skunk
skydive
skyler
skyline
skywalker
slacker
slacker
slayer
slayer
Slayer
sleepy
slick
slider
slideshow
slip
slipknot
smashing
smashing
smegma
smile
smile
smile1
smiles
smiles
Smiles
smiley
smiley
Smiley
smiths
smiths
smitty
smoke
smokey
smokey
Smokey
Smokey
smurfy
snake
snake
snakes
snapper
snapple
snapple
Snicker
snickers
snickers
sniper
sniper
Sniper
snoop
snoopdog
snoopdog
snoopy
snoopy
Snoopy
Snoopy
snow
snow
Snowbal
snowball
snowball
snowflake
snowman
snowman
snowski
snuffy
snuffy
sober1
soccer
soccer
Soccer
soccer1
soccer1
softball
softball
soleil
soleil
solomon
something
sonic
sonics
Sonics
sonny
sonny
sony
sophia
sophie
sophie
sound
space
space
spain
spain
Spanish
spanky
spanky
Spanky
sparkle
sparks
sparky
sparky
Sparky
Sparky
sparrow
sparrow
spartan
spazz
special
special
Special
Speech
speedo
speedo
speedy
speedy
Speedy
Speedy
spencer
spencer
sphynx
spider
spider
Spider
spiderman
spike
spike
spike1
spirit
Spirit
spitfire
spitfire
spock
sponge
spongebob
spooky
spooky
spoon
sporting
sports
sports
Sports
spot
spring
spring
Spring
sprite
sprite
Sprite
sprocket
spunky
spunky
Spunky
spurs
squash
Squirt
sss
ssssss
ssssss
stacey
stacey
Stacey
stan
stanley
stanley
Stanley
star
star
star69
star69
starbuck
stargate
stargate
starlight
stars
start
start
starter
startrek
startrek
Startrek
starwars
starwars
station
station
stealth
stealth
steaua
steel
steele
steele
steelers
steelers
stella
stella
steph
steph
steph1
stephani
stephani
stephanie
stephen
stephen
stephi
Sterling
steve
steve
steve1
steven
steven
Steven
Steven
steven1
stevens
stever
stewart
stimpy
stimpy
Stimpy
sting
sting1
sting1
stingray
stingray
stinky
stinky
stivers
stocks
stone
storage
storm
storm
stormy
stormy
stranger
strat
strat
strato
strawber
strawberry
stretch
Strider
strong
stuart
stuart
stud
student
student
Student
student2
studio
Studly
stumpy
stupid
stupid
Stupid
success
success
Success
sucker
suckme
sue
sugar
sugar
sultan
summer
summer
Summer
Summer
summit
sun
sun
sunbird
sunbird
sundance
sundance
sunday
sunday
sunfire
sunflowe
sunflower
sunny
sunny
sunny1
sunny1
sunrise
sunrise
sunset
sunset
Sunshin
sunshine
sunshine
Sunshine
SunShine
sunshine1
super
super
superfly
superman
superman
Superman
Superman
superstar
support
support
supra
supra
surf
surf
surfer
surfer
Surfer
surfing
susan
susan
Susan
susan1
susana
susanna
sutton
suzanne
suzanne
suzuki
suzuki
suzy
Sverige
swanson
sweden
sweet
sweet16
sweetheart
sweetie
sweetie
Sweetie
sweetness
sweetpea
sweetpea
sweets
Sweets
sweety
sweety
swim
swimmer
Swimmer
swimming
swimming
switzer
Swoosh
swordfish
sydney
sydney
Sydney
sylvia
sylvia
sylvie
sylvie
symbol
symbol
system
system
System
system5
tab
tabatha
tacobell
tacobell
taffy
taffy
taiwan
talon
tamara
tamara
Tamara
tammy
tammy
tamtam
Tandy
tango
tango
Tanker
tanner
Tanner
tanya
tanya
tapani
tara
tara
Tardis
targas
target
target
tarheel
tarzan
tarzan
tasha
tasha
Tasha
tata
tatiana
tattoo
tattoo
taurus
taurus
Taurus
Taurus
taylor
taylor
Taylor
Taylor
tazdevil
Tazman
tazmania
tbird
t-bone
t-bone
teacher
teacher
Teacher
TEACHERS
teamo
tech
tech
techno
techno
teddy
teddy
teddy1
teddy1
teddybear
teflon
teiubesc
tekiero
telecom
telecom
temp
temp
temporal
temporal
tennis
tennis
Tennis
Tennis
tequiero
tequila
tequila
teresa
teresa
Teresa
terminal
terry
terry
terry1
test
test
test1
test1
test123
test123
test2
test2
test3
tester
tester
Tester
testi
testing
testing
testtest
testtest
texas
texas
thankyou
the
theatre
theatre
thebest
theboss
theboss
theend
thejudge
theking
theking
thelorax
Theman
theresa
theresa
Theresa
Theresa
thisisit
thomas
thomas
Thomas
Thomas
thompson
thorne
thrasher
thumper
thumper
Thumper
thunder
thunder
Thunder
Thunder
thunderb
thunderbird
thursday
thursday
thx1138
thx1138
tiffany
tiffany
Tiffany
tiger
tiger
tiger2
tigers
tigers
Tigers
tigger
tigger
Tigger
Tigger
tigger1
tightend
tigre
tigre
tika
tim
tim
timber
timber
time
time
timothy
timothy
Timothy
tina
tina
tinker
tinker
tinkerbell
Tinman
tintin
tintin
tnt
toby
toby
today
today
tokiohotel
tokyo
tom
tom
tomcat
tomcat
Tomcat
tommy
tommy
tony
tony
tool
tootsie
tootsie
Tootsie
topcat
topcat
topgun
topgun
topher
topher
tornado
toronto
toronto
torres
toshiba
total
toto1
tototo
toucan
toyota
toyota
Tractor
tracy
tracy
training
training
transfer
transit
transport
trapper
trash
travel
travel
travis
Travis
tre
treasure
trebor
trebor
tree
trees
trek
trek
trevor
trevor
Trevor
tricia
tricia
tricky
trident
trident
trinity
trish
tristan
tristan
triton
trixie
trixie
Trixie
trojan
trombone
trophy
trouble
trouble
Trouble
trout
truck
truck
trucker
Trucks
truelove
truman
trumpet
trumpet
Trumpet
trustno1
tucker
tucker
tucson
tuesday
tuesday
Tuesday
tula
turbo
turbo
Turbo
turbo2
turtle
turtle
Turtle
tweety
tweety
Tweety
twilight
twinkle
twins
twins
tyler
tyler
tyler1
ultimate
undead
undead
undertaker
unicorn
unicorn
unique
united
unity
unix
upsilon
ursula
user1
user1
utopia
utopia
vacation
vader
vader
val
valentin
valentin
valentina
valentine
valeria
valerie
valerie
valhalla
valhalla
valley
vampire
Vampire
vanessa
Vanessa
vanilla
vanilla
vedder
velvet
velvet
venice
venus
venus
vermont
vermont
Vernon
veronica
veronica
vette
Vette
vicki
vicky
vicky
victor
victor
victor1
victoria
victoria
Victoria
Victoria
victory
victory
video
video
viking
viking
Viking
Vikings
vikram
vincent
vincent
Vincent
vincent1
violet
violet
Violet
violin
viper
viper
Viper
viper1
viper1
virago
virgil
virginia
virginia
visa
visa
vision
vision
visual
volcano
volley
volley
Volley
Volleyb
volleyball
volvo
volvo
voodoo
voodoo
vortex
voyager
Voyager
waiting
walden
waldo
walker
walker
walleye
Walleye
wally
wally
walter
walter
wanker
wanker
warcraft
warcraft
Warez
warlock
warner
warner
warren
warren
Warren
warrior
warrior
Warrior
warriors
warriors
water
water
water1
Waterloo
watson
watson
wayne
wayne
wayne1
weasel
weasel
webmaste
webmaster
webster
webster
Webster
Webster
wedge
weezer
Weezer
welcome
welcome
Welcome1
wendy
wendy
wendy1
wesley
wesley
western
western
westlife
westside
whale1
Whales
Whateve
whatever
whatever
wheeling
wheels
wheels
Wheels
whisky
whisky
whit
white
white
whitney
whitney
whocares
whoville
wibble
Wicked
wilbur
wilbur
wildcat
Wildcat
will
william
william
William
william1
williams
williams
willie
willie
Willie
willow
willow
Willow
willy
willy
Willy
wilma
wilson
wilson
Wilson
win95
wind
window
Windows
Windows
windsurf
windsurf
winner
winner
winnie
winnie
Winnie
winniethepooh
winona
winston
winston
winter
winter
Winter
wisdom
wisdom
wizard
wizard
Wizard
wolf
wolf
wolf1
wolf1
wolfgang
wolfgang
wolfMan
wolverin
wolverine
Wolverine
wolves
wolves
Wolves
wombat
wombat
wombat1
wonder
wonder
Woodland
Woodrow
woody
woody
woofwoof
word
wordpass
world
wqsb
wrangler
wrangler
Wrestle
wright
wright
www
xanadu
xanadu
Xanadu
xanth
xavier
xavier
xbox360
xcountry
xcountry
xfiles
x-files
xfiles
x-men
xxx
xxx
xxx123
xxxx
xxxx
xxxxxx
xxxxxxxx
xyz
xyz123
y
yamaha
yamaha
Yamaha
yankee
yankees
yankees
Yankees
yellow
yellow
Yellow
yoda
yoda
yogibear
yolanda
yomama
yomama
young
young
yourmom
yukon
yvette
yvonne
yvonne
zacefron
zachary
zachary
zack
zapata
zapata
zaphod
zaphod
Zaphod
zebra
zebra
zebras
zenith
zenith
zephyr
zephyr
zeppelin
zeppelin
zepplin
zeus
zeus
zhongguo
zhongguo
ziggy
ziggy
Ziggy
zigzag
zoltan
zombie
zombie
Zombie
zoomer
zorro
zorro
Zorro
zxc
zxc123
zxcvb
Zxcvb
zxcvbn
zxcvbnm
zxcvbnm
Zxcvbnm
Zxcvbnm
zzz
